[coderthemes.com/cartzilla-laravel/home-grocery.html]
[backblue.gif]
[fade.gif]
[index.html]
[coderthemes.com/cartzilla-laravel/manifest.json]
[coderthemes.com/cartzilla-laravel/assets/app-icons/icon-32x32.png]
[coderthemes.com/cartzilla-laravel/assets/app-icons/icon-180x180.png]
[coderthemes.com/cartzilla-laravel/assets/js/theme-switcher.js]
[coderthemes.com/cartzilla-laravel/assets/fonts/inter-variable-latin.woff2]
[coderthemes.com/cartzilla-laravel/assets/icons/cartzilla-icons.woff2]
[coderthemes.com/cartzilla-laravel/assets/icons/cartzilla-icons.min.css]
[coderthemes.com/cartzilla-laravel/assets/vendor/swiper/swiper-bundle.min.css]
[coderthemes.com/cartzilla-laravel/assets/vendor/simplebar/dist/simplebar.min.css]
[coderthemes.com/cartzilla-laravel/assets/vendor/choices.js/public/assets/styles/choices.min.css]
[coderthemes.com/cartzilla-laravel/assets/css/theme.min.css]
[coderthemes.com/cartzilla-laravel/shop-product-grocery.html]
[coderthemes.com/cartzilla-laravel/assets/css/theme.rtl.min.css]
[coderthemes.com/cartzilla-laravel/assets/img/shop/grocery/thumbs/01.png]
[coderthemes.com/cartzilla-laravel/assets/img/shop/grocery/thumbs/02.png]
[coderthemes.com/cartzilla-laravel/assets/img/shop/grocery/thumbs/03.png]
[coderthemes.com/cartzilla-laravel/assets/img/shop/grocery/thumbs/04.png]
[coderthemes.com/cartzilla-laravel/checkout-v2-cart.html]
[coderthemes.com/cartzilla-laravel/checkout-v2-delivery.html]
[coderthemes.com/cartzilla-laravel/shop-catalog-grocery.html]
[coderthemes.com/cartzilla-laravel/home-electronics.html]
[coderthemes.com/cartzilla-laravel/home-fashion-v1.html]
[coderthemes.com/cartzilla-laravel/home-fashion-v2.html]
[coderthemes.com/cartzilla-laravel/home-furniture.html]
[coderthemes.com/cartzilla-laravel/home-marketplace.html]
[coderthemes.com/cartzilla-laravel/home-single-store.html]
[coderthemes.com/cartzilla-laravel/shop-categories-electronics.html]
[coderthemes.com/cartzilla-laravel/shop-catalog-electronics.html]
[coderthemes.com/cartzilla-laravel/shop-product-general-electronics.html]
[coderthemes.com/cartzilla-laravel/shop-product-details-electronics.html]
[coderthemes.com/cartzilla-laravel/shop-catalog-fashion.html]
[coderthemes.com/cartzilla-laravel/shop-product-fashion.html]
[coderthemes.com/cartzilla-laravel/shop-catalog-furniture.html]
[coderthemes.com/cartzilla-laravel/shop-product-reviews-electronics.html]
[coderthemes.com/cartzilla-laravel/shop-product-furniture.html]
[coderthemes.com/cartzilla-laravel/shop-catalog-marketplace.html]
[coderthemes.com/cartzilla-laravel/shop-product-marketplace.html]
[coderthemes.com/cartzilla-laravel/checkout-marketplace.html]
[coderthemes.com/cartzilla-laravel/checkout-v1-cart.html]
[coderthemes.com/cartzilla-laravel/checkout-v1-delivery-1.html]
[coderthemes.com/cartzilla-laravel/checkout-v1-delivery-2.html]
[coderthemes.com/cartzilla-laravel/checkout-v1-shipping.html]
[coderthemes.com/cartzilla-laravel/checkout-v1-payment.html]
[coderthemes.com/cartzilla-laravel/checkout-v1-thankyou.html]
[coderthemes.com/cartzilla-laravel/checkout-v2-pickup.html]
[coderthemes.com/cartzilla-laravel/checkout-v2-thankyou.html]
[coderthemes.com/cartzilla-laravel/account-signin.html]
[coderthemes.com/cartzilla-laravel/account-signup.html]
[coderthemes.com/cartzilla-laravel/account-password-recovery.html]
[coderthemes.com/cartzilla-laravel/account-orders.html]
[coderthemes.com/cartzilla-laravel/account-wishlist.html]
[coderthemes.com/cartzilla-laravel/account-payment.html]
[coderthemes.com/cartzilla-laravel/account-reviews.html]
[coderthemes.com/cartzilla-laravel/account-info.html]
[coderthemes.com/cartzilla-laravel/account-addresses.html]
[coderthemes.com/cartzilla-laravel/account-notifications.html]
[coderthemes.com/cartzilla-laravel/account-marketplace-dashboard.html]
[coderthemes.com/cartzilla-laravel/account-marketplace-products.html]
[coderthemes.com/cartzilla-laravel/account-marketplace-sales.html]
[coderthemes.com/cartzilla-laravel/account-marketplace-payouts.html]
[coderthemes.com/cartzilla-laravel/account-marketplace-purchases.html]
[coderthemes.com/cartzilla-laravel/account-marketplace-favorites.html]
[coderthemes.com/cartzilla-laravel/account-marketplace-settings.html]
[coderthemes.com/cartzilla-laravel/about-v1.html]
[coderthemes.com/cartzilla-laravel/about-v2.html]
[coderthemes.com/cartzilla-laravel/blog-grid-v1.html]
[coderthemes.com/cartzilla-laravel/blog-grid-v2.html]
[coderthemes.com/cartzilla-laravel/blog-list.html]
[coderthemes.com/cartzilla-laravel/blog-single-v1.html]
[coderthemes.com/cartzilla-laravel/blog-single-v2.html]
[coderthemes.com/cartzilla-laravel/contact-v1.html]
[coderthemes.com/cartzilla-laravel/contact-v2.html]
[coderthemes.com/cartzilla-laravel/contact-v3.html]
[coderthemes.com/cartzilla-laravel/help-topics-v1.html]
[coderthemes.com/cartzilla-laravel/help-topics-v2.html]
[coderthemes.com/cartzilla-laravel/help-single-article-v1.html]
[coderthemes.com/cartzilla-laravel/help-single-article-v2.html]
[coderthemes.com/cartzilla-laravel/404-electronics.html]
[coderthemes.com/cartzilla-laravel/404-fashion.html]
[coderthemes.com/cartzilla-laravel/404-furniture.html]
[coderthemes.com/cartzilla-laravel/404-grocery.html]
[coderthemes.com/cartzilla-laravel/terms-and-conditions.html]
[coderthemes.com/cartzilla-laravel/docs/typography.html]
[coderthemes.com/cartzilla-laravel/index.html]
[coderthemes.com/cartzilla-laravel/assets/img/mega-menu/grocery/th01.png]
[coderthemes.com/cartzilla-laravel/assets/img/mega-menu/grocery/th02.png]
[coderthemes.com/cartzilla-laravel/assets/img/mega-menu/grocery/th03.png]
[coderthemes.com/cartzilla-laravel/assets/img/mega-menu/grocery/th04.png]
[coderthemes.com/cartzilla-laravel/assets/img/mega-menu/grocery/th05.png]
[coderthemes.com/cartzilla-laravel/assets/img/mega-menu/grocery/th06.png]
[coderthemes.com/cartzilla-laravel/assets/img/home/grocery/hero-slider/01.jpg]
[coderthemes.com/cartzilla-laravel/assets/img/home/grocery/hero-slider/02.jpg]
[coderthemes.com/cartzilla-laravel/assets/img/home/grocery/hero-slider/03.jpg]
[coderthemes.com/cartzilla-laravel/assets/img/home/grocery/featured/01.png]
[coderthemes.com/cartzilla-laravel/assets/img/home/grocery/featured/02.png]
[coderthemes.com/cartzilla-laravel/assets/img/home/grocery/featured/03.png]
[coderthemes.com/cartzilla-laravel/assets/img/shop/grocery/categories/01.png]
[coderthemes.com/cartzilla-laravel/assets/img/shop/grocery/categories/02.png]
[coderthemes.com/cartzilla-laravel/assets/img/shop/grocery/categories/03.png]
[coderthemes.com/cartzilla-laravel/assets/img/shop/grocery/categories/04.png]
[coderthemes.com/cartzilla-laravel/assets/img/shop/grocery/categories/05.png]
[coderthemes.com/cartzilla-laravel/assets/img/shop/grocery/categories/06.png]
[coderthemes.com/cartzilla-laravel/assets/img/shop/grocery/categories/07.png]
[coderthemes.com/cartzilla-laravel/assets/img/shop/grocery/categories/08.png]
[coderthemes.com/cartzilla-laravel/assets/img/shop/grocery/01.png]
[coderthemes.com/cartzilla-laravel/assets/img/shop/grocery/02.png]
[coderthemes.com/cartzilla-laravel/assets/img/shop/grocery/03.png]
[coderthemes.com/cartzilla-laravel/assets/img/shop/grocery/04.png]
[coderthemes.com/cartzilla-laravel/assets/img/shop/grocery/05.png]
[coderthemes.com/cartzilla-laravel/assets/img/shop/grocery/06.png]
[coderthemes.com/cartzilla-laravel/assets/img/shop/grocery/07.png]
[coderthemes.com/cartzilla-laravel/assets/img/shop/grocery/08.png]
[coderthemes.com/cartzilla-laravel/assets/img/shop/grocery/banner.jpg]
[coderthemes.com/cartzilla-laravel/assets/img/shop/grocery/09.png]
[coderthemes.com/cartzilla-laravel/assets/img/shop/grocery/10.png]
[coderthemes.com/cartzilla-laravel/assets/img/shop/grocery/11.png]
[coderthemes.com/cartzilla-laravel/assets/img/shop/grocery/12.png]
[coderthemes.com/cartzilla-laravel/assets/img/home/grocery/recipes/01.jpg]
[coderthemes.com/cartzilla-laravel/assets/img/home/grocery/recipes/02.jpg]
[coderthemes.com/cartzilla-laravel/assets/img/home/grocery/recipes/03.jpg]
[coderthemes.com/cartzilla-laravel/assets/img/home/grocery/recipes/book-cover.jpg]
[coderthemes.com/cartzilla-laravel/assets/img/home/grocery/banner01.png]
[coderthemes.com/cartzilla-laravel/assets/img/home/grocery/banner02.png]
[coderthemes.com/cartzilla-laravel/assets/vendor/simplebar/dist/simplebar.min.js]
[coderthemes.com/cartzilla-laravel/assets/vendor/swiper/swiper-bundle.min.js]
[coderthemes.com/cartzilla-laravel/assets/vendor/choices.js/public/assets/scripts/choices.min.js]
[coderthemes.com/cartzilla-laravel/home-grocery.html]
[coderthemes.com/cartzilla-laravel/assets/icons/cartzilla-icons.min.css]
[coderthemes.com/cartzilla-laravel/assets/vendor/swiper/swiper-bundle.min.css]
[coderthemes.com/cartzilla-laravel/assets/vendor/simplebar/dist/simplebar.min.css]
[coderthemes.com/cartzilla-laravel/assets/vendor/choices.js/public/assets/styles/choices.min.css]
[coderthemes.com/cartzilla-laravel/assets/css/theme.min.css]
[coderthemes.com/cartzilla-laravel/assets/css/theme.rtl.min.css]
[coderthemes.com/cartzilla-laravel/assets/js/theme.min.js]
[coderthemes.com/cartzilla-laravel/assets/vendor/glightbox/dist/css/glightbox.min.css]
[coderthemes.com/cartzilla-laravel/assets/img/shop/grocery/product/th01.png]
[coderthemes.com/cartzilla-laravel/assets/img/shop/grocery/product/th02.png]
[coderthemes.com/cartzilla-laravel/assets/img/shop/grocery/product/th03.png]
[coderthemes.com/cartzilla-laravel/assets/img/shop/grocery/product/01.png]
[coderthemes.com/cartzilla-laravel/assets/img/shop/grocery/product/02.png]
[coderthemes.com/cartzilla-laravel/assets/img/shop/grocery/product/03.png]
[coderthemes.com/cartzilla-laravel/assets/img/shop/grocery/16.png]
[coderthemes.com/cartzilla-laravel/assets/img/shop/grocery/categories/09.png]
[coderthemes.com/cartzilla-laravel/assets/img/shop/grocery/categories/10.png]
[coderthemes.com/cartzilla-laravel/assets/img/shop/grocery/categories/11.png]
[coderthemes.com/cartzilla-laravel/shop-product-grocery.html]
[coderthemes.com/cartzilla-laravel/checkout-v2-cart.html]
[coderthemes.com/cartzilla-laravel/assets/vendor/glightbox/dist/js/glightbox.min.js]
[coderthemes.com/cartzilla-laravel/assets/vendor/cleave.js/dist/cleave.min.js]
[coderthemes.com/cartzilla-laravel/checkout-v2-delivery.html]
[coderthemes.com/cartzilla-laravel/.html]
[coderthemes.com/cartzilla-laravel/-2.html]
[coderthemes.com/cartzilla-laravel/assets/vendor/nouislider/dist/nouislider.min.css]
[coderthemes.com/cartzilla-laravel/assets/img/shop/grocery/13.png]
[coderthemes.com/cartzilla-laravel/assets/img/shop/grocery/14.png]
[coderthemes.com/cartzilla-laravel/assets/img/shop/grocery/15.png]
[coderthemes.com/cartzilla-laravel/assets/vendor/nouislider/dist/nouislider.min.js]
[coderthemes.com/cartzilla-laravel/assets/vendor/list.js/dist/list.min.js]
[coderthemes.com/cartzilla-laravel/shop-catalog-grocery.html]
[coderthemes.com/cartzilla-laravel/assets/img/shop/electronics/thumbs/08.png]
[coderthemes.com/cartzilla-laravel/assets/img/shop/electronics/thumbs/09.png]
[coderthemes.com/cartzilla-laravel/assets/img/shop/electronics/thumbs/01.png]
[coderthemes.com/cartzilla-laravel/assets/img/mega-menu/electronics/01.png]
[coderthemes.com/cartzilla-laravel/assets/img/mega-menu/electronics/02.png]
[coderthemes.com/cartzilla-laravel/assets/img/mega-menu/electronics/03.png]
[coderthemes.com/cartzilla-laravel/assets/img/mega-menu/electronics/04.png]
[coderthemes.com/cartzilla-laravel/assets/img/mega-menu/electronics/05.png]
[coderthemes.com/cartzilla-laravel/assets/img/mega-menu/electronics/06.png]
[coderthemes.com/cartzilla-laravel/assets/img/mega-menu/electronics/07.png]
[coderthemes.com/cartzilla-laravel/assets/img/mega-menu/electronics/08.png]
[coderthemes.com/cartzilla-laravel/assets/img/mega-menu/electronics/09.png]
[coderthemes.com/cartzilla-laravel/assets/img/mega-menu/electronics/10.png]
[coderthemes.com/cartzilla-laravel/assets/img/mega-menu/electronics/11.png]
[coderthemes.com/cartzilla-laravel/assets/img/mega-menu/electronics/12.png]
[coderthemes.com/cartzilla-laravel/assets/img/mega-menu/demo-preview/electronics-light.jpg]
[coderthemes.com/cartzilla-laravel/assets/img/mega-menu/demo-preview/electronics-dark.jpg]
[coderthemes.com/cartzilla-laravel/assets/img/mega-menu/demo-preview/fashion-1-light.jpg]
[coderthemes.com/cartzilla-laravel/assets/img/mega-menu/demo-preview/fashion-1-dark.jpg]
[coderthemes.com/cartzilla-laravel/assets/img/mega-menu/demo-preview/fashion-2-light.jpg]
[coderthemes.com/cartzilla-laravel/assets/img/mega-menu/demo-preview/fashion-2-dark.jpg]
[coderthemes.com/cartzilla-laravel/assets/img/mega-menu/demo-preview/furniture-light.jpg]
[coderthemes.com/cartzilla-laravel/assets/img/mega-menu/demo-preview/furniture-dark.jpg]
[coderthemes.com/cartzilla-laravel/assets/img/mega-menu/demo-preview/grocery-light.jpg]
[coderthemes.com/cartzilla-laravel/assets/img/mega-menu/demo-preview/grocery-dark.jpg]
[coderthemes.com/cartzilla-laravel/assets/img/mega-menu/demo-preview/marketplace-light.jpg]
[coderthemes.com/cartzilla-laravel/assets/img/mega-menu/demo-preview/marketplace-dark.jpg]
[coderthemes.com/cartzilla-laravel/assets/img/mega-menu/demo-preview/single-store-light.jpg]
[coderthemes.com/cartzilla-laravel/assets/img/mega-menu/demo-preview/single-store-dark.jpg]
[coderthemes.com/cartzilla-laravel/assets/img/home/electronics/hero-slider/01.png]
[coderthemes.com/cartzilla-laravel/assets/img/home/electronics/hero-slider/02.png]
[coderthemes.com/cartzilla-laravel/assets/img/home/electronics/hero-slider/03.png]
[coderthemes.com/cartzilla-laravel/assets/img/home/electronics/banner/background.jpg]
[coderthemes.com/cartzilla-laravel/assets/img/home/electronics/banner/laptop.png]
[coderthemes.com/cartzilla-laravel/assets/img/shop/electronics/thumbs/03.png]
[coderthemes.com/cartzilla-laravel/assets/img/shop/electronics/thumbs/05.png]
[coderthemes.com/cartzilla-laravel/assets/img/shop/electronics/thumbs/07.png]
[coderthemes.com/cartzilla-laravel/assets/img/shop/electronics/thumbs/02.png]
[coderthemes.com/cartzilla-laravel/assets/img/shop/electronics/thumbs/04.png]
[coderthemes.com/cartzilla-laravel/assets/img/shop/electronics/thumbs/06.png]
[coderthemes.com/cartzilla-laravel/assets/img/shop/electronics/01.png]
[coderthemes.com/cartzilla-laravel/assets/img/shop/electronics/02.png]
[coderthemes.com/cartzilla-laravel/assets/img/shop/electronics/03.png]
[coderthemes.com/cartzilla-laravel/assets/img/shop/electronics/04.png]
[coderthemes.com/cartzilla-laravel/assets/img/shop/electronics/05.png]
[coderthemes.com/cartzilla-laravel/assets/img/shop/electronics/06.png]
[coderthemes.com/cartzilla-laravel/assets/img/shop/electronics/07.png]
[coderthemes.com/cartzilla-laravel/assets/img/shop/electronics/08.png]
[coderthemes.com/cartzilla-laravel/assets/img/home/electronics/banner/camera.png]
[coderthemes.com/cartzilla-laravel/assets/img/shop/electronics/09.png]
[coderthemes.com/cartzilla-laravel/assets/img/shop/electronics/11.png]
[coderthemes.com/cartzilla-laravel/assets/img/shop/electronics/10.png]
[coderthemes.com/cartzilla-laravel/assets/img/home/electronics/vlog/01.jpg]
[coderthemes.com/cartzilla-laravel/assets/img/home/electronics/vlog/02.jpg]
[coderthemes.com/cartzilla-laravel/assets/img/home/electronics/vlog/03.jpg]
[coderthemes.com/cartzilla-laravel/home-electronics.html]
[coderthemes.com/cartzilla-laravel/assets/img/shop/fashion/thumbs/07.png]
[coderthemes.com/cartzilla-laravel/assets/img/shop/fashion/thumbs/08.png]
[coderthemes.com/cartzilla-laravel/assets/img/shop/fashion/thumbs/09.png]
[coderthemes.com/cartzilla-laravel/assets/img/flags/en-us.png]
[coderthemes.com/cartzilla-laravel/assets/img/flags/en-uk.png]
[coderthemes.com/cartzilla-laravel/assets/img/flags/fr.png]
[coderthemes.com/cartzilla-laravel/assets/img/flags/de.png]
[coderthemes.com/cartzilla-laravel/assets/img/flags/it.png]
[coderthemes.com/cartzilla-laravel/assets/img/mega-menu/fashion/01.jpg]
[coderthemes.com/cartzilla-laravel/assets/img/mega-menu/fashion/02.jpg]
[coderthemes.com/cartzilla-laravel/assets/img/mega-menu/fashion/03.jpg]
[coderthemes.com/cartzilla-laravel/assets/img/home/fashion/v1/hero-slider/01.png]
[coderthemes.com/cartzilla-laravel/assets/img/home/fashion/v1/hero-slider/02.png]
[coderthemes.com/cartzilla-laravel/assets/img/home/fashion/v1/hero-slider/03.png]
[coderthemes.com/cartzilla-laravel/assets/img/shop/fashion/thumbs/01.png]
[coderthemes.com/cartzilla-laravel/assets/img/shop/fashion/thumbs/02.png]
[coderthemes.com/cartzilla-laravel/assets/img/shop/fashion/thumbs/03.png]
[coderthemes.com/cartzilla-laravel/assets/img/shop/fashion/thumbs/04.png]
[coderthemes.com/cartzilla-laravel/assets/img/shop/fashion/thumbs/05.png]
[coderthemes.com/cartzilla-laravel/assets/img/shop/fashion/thumbs/06.png]
[coderthemes.com/cartzilla-laravel/assets/img/home/fashion/v1/popular/01.jpg]
[coderthemes.com/cartzilla-laravel/assets/img/home/fashion/v1/popular/02.jpg]
[coderthemes.com/cartzilla-laravel/assets/img/shop/fashion/01.png]
[coderthemes.com/cartzilla-laravel/assets/img/shop/fashion/08.png]
[coderthemes.com/cartzilla-laravel/assets/img/shop/fashion/11.png]
[coderthemes.com/cartzilla-laravel/assets/img/shop/fashion/04.png]
[coderthemes.com/cartzilla-laravel/assets/img/shop/fashion/09.png]
[coderthemes.com/cartzilla-laravel/assets/img/shop/fashion/10.png]
[coderthemes.com/cartzilla-laravel/assets/img/shop/fashion/05.png]
[coderthemes.com/cartzilla-laravel/assets/img/shop/fashion/06.png]
[coderthemes.com/cartzilla-laravel/assets/img/home/fashion/v1/collection/01.jpg]
[coderthemes.com/cartzilla-laravel/assets/img/home/fashion/v1/collection/02.jpg]
[coderthemes.com/cartzilla-laravel/assets/img/shop/fashion/03.png]
[coderthemes.com/cartzilla-laravel/assets/img/shop/fashion/12.png]
[coderthemes.com/cartzilla-laravel/assets/img/home/fashion/v1/reviews/01.png]
[coderthemes.com/cartzilla-laravel/assets/img/home/fashion/v1/reviews/02.png]
[coderthemes.com/cartzilla-laravel/assets/img/home/fashion/v1/reviews/03.png]
[coderthemes.com/cartzilla-laravel/assets/img/home/fashion/v1/reviews/04.png]
[coderthemes.com/cartzilla-laravel/assets/img/home/fashion/v1/reviews/05.png]
[coderthemes.com/cartzilla-laravel/assets/img/instagram/01.jpg]
[coderthemes.com/cartzilla-laravel/assets/img/instagram/02.jpg]
[coderthemes.com/cartzilla-laravel/assets/img/instagram/03.jpg]
[coderthemes.com/cartzilla-laravel/assets/img/instagram/04.jpg]
[coderthemes.com/cartzilla-laravel/assets/img/instagram/05.jpg]
[coderthemes.com/cartzilla-laravel/home-fashion-v1.html]
[coderthemes.com/cartzilla-laravel/assets/img/home/fashion/v2/hero/hotspot01.png]
[coderthemes.com/cartzilla-laravel/assets/img/home/fashion/v2/hero/hotspot02.png]
[coderthemes.com/cartzilla-laravel/assets/img/home/fashion/v2/hero/hotspot03.png]
[coderthemes.com/cartzilla-laravel/assets/img/home/fashion/v2/hero/image.png]
[coderthemes.com/cartzilla-laravel/assets/img/home/fashion/v2/categories/01.png]
[coderthemes.com/cartzilla-laravel/assets/img/home/fashion/v2/categories/02.png]
[coderthemes.com/cartzilla-laravel/assets/img/home/fashion/v2/categories/03.png]
[coderthemes.com/cartzilla-laravel/assets/img/shop/fashion/02.png]
[coderthemes.com/cartzilla-laravel/assets/img/shop/fashion/banner01.png]
[coderthemes.com/cartzilla-laravel/assets/img/shop/fashion/banner02.png]
[coderthemes.com/cartzilla-laravel/assets/img/shop/fashion/banner03.png]
[coderthemes.com/cartzilla-laravel/assets/img/home/fashion/v2/offers-slider/product01.png]
[coderthemes.com/cartzilla-laravel/assets/img/home/fashion/v2/offers-slider/product02.png]
[coderthemes.com/cartzilla-laravel/assets/img/home/fashion/v2/offers-slider/preview01.png]
[coderthemes.com/cartzilla-laravel/assets/img/home/fashion/v2/offers-slider/preview02.png]
[coderthemes.com/cartzilla-laravel/home-fashion-v2.html]
[coderthemes.com/cartzilla-laravel/assets/img/home/furniture/hero-slider/th04.png]
[coderthemes.com/cartzilla-laravel/assets/img/home/furniture/hero-slider/th01.png]
[coderthemes.com/cartzilla-laravel/assets/img/home/furniture/hero-slider/th02.png]
[coderthemes.com/cartzilla-laravel/assets/img/home/furniture/hero-slider/th03.png]
[coderthemes.com/cartzilla-laravel/assets/img/home/furniture/hero-slider/01.png]
[coderthemes.com/cartzilla-laravel/assets/img/home/furniture/hero-slider/02.png]
[coderthemes.com/cartzilla-laravel/assets/img/home/furniture/hero-slider/03.png]
[coderthemes.com/cartzilla-laravel/assets/img/home/furniture/hero-slider/04.png]
[coderthemes.com/cartzilla-laravel/assets/img/home/furniture/categories/01.png]
[coderthemes.com/cartzilla-laravel/assets/img/home/furniture/categories/02.png]
[coderthemes.com/cartzilla-laravel/assets/img/home/furniture/categories/03.png]
[coderthemes.com/cartzilla-laravel/assets/img/home/furniture/categories/04.png]
[coderthemes.com/cartzilla-laravel/assets/img/home/furniture/categories/05.png]
[coderthemes.com/cartzilla-laravel/assets/img/home/furniture/categories/06.png]
[coderthemes.com/cartzilla-laravel/assets/img/shop/furniture/04.png]
[coderthemes.com/cartzilla-laravel/assets/img/shop/furniture/04-hover.jpg]
[coderthemes.com/cartzilla-laravel/assets/img/shop/furniture/05.png]
[coderthemes.com/cartzilla-laravel/assets/img/shop/furniture/05-hover.jpg]
[coderthemes.com/cartzilla-laravel/assets/img/shop/furniture/06.png]
[coderthemes.com/cartzilla-laravel/assets/img/shop/furniture/06-hover.jpg]
[coderthemes.com/cartzilla-laravel/assets/img/shop/furniture/08.png]
[coderthemes.com/cartzilla-laravel/assets/img/shop/furniture/08-hover.jpg]
[coderthemes.com/cartzilla-laravel/assets/img/shop/furniture/02.png]
[coderthemes.com/cartzilla-laravel/assets/img/shop/furniture/02-hover.jpg]
[coderthemes.com/cartzilla-laravel/assets/img/shop/furniture/07.png]
[coderthemes.com/cartzilla-laravel/assets/img/shop/furniture/07-hover.jpg]
[coderthemes.com/cartzilla-laravel/assets/img/home/furniture/gallery/hotspot01.png]
[coderthemes.com/cartzilla-laravel/assets/img/home/furniture/gallery/hotspot02.png]
[coderthemes.com/cartzilla-laravel/assets/img/home/furniture/gallery/hotspot03.png]
[coderthemes.com/cartzilla-laravel/assets/img/home/furniture/gallery/01.jpg]
[coderthemes.com/cartzilla-laravel/assets/img/home/furniture/gallery/02.jpg]
[coderthemes.com/cartzilla-laravel/assets/img/home/furniture/gallery/03.jpg]
[coderthemes.com/cartzilla-laravel/assets/img/home/furniture/gallery/04.jpg]
[coderthemes.com/cartzilla-laravel/assets/img/home/furniture/featured-product.png]
[coderthemes.com/cartzilla-laravel/assets/img/home/furniture/featured-product-thumbnail.jpg]
[coderthemes.com/cartzilla-laravel/assets/img/blog/grid/v2/01.jpg]
[coderthemes.com/cartzilla-laravel/assets/img/blog/grid/v2/11.jpg]
[coderthemes.com/cartzilla-laravel/assets/img/blog/grid/v2/10.jpg]
[coderthemes.com/cartzilla-laravel/home-furniture.html]
[coderthemes.com/cartzilla-laravel/assets/img/home/marketplace/cart/01.jpg]
[coderthemes.com/cartzilla-laravel/assets/img/home/marketplace/cart/02.jpg]
[coderthemes.com/cartzilla-laravel/assets/img/home/marketplace/cart/03.jpg]
[coderthemes.com/cartzilla-laravel/assets/img/home/marketplace/categories/01.jpg]
[coderthemes.com/cartzilla-laravel/assets/img/home/marketplace/categories/02.jpg]
[coderthemes.com/cartzilla-laravel/assets/img/home/marketplace/categories/03.jpg]
[coderthemes.com/cartzilla-laravel/assets/img/home/marketplace/categories/04.jpg]
[coderthemes.com/cartzilla-laravel/assets/img/home/marketplace/categories/05.jpg]
[coderthemes.com/cartzilla-laravel/assets/img/home/marketplace/categories/06.jpg]
[coderthemes.com/cartzilla-laravel/assets/img/home/marketplace/formats/figma.png]
[coderthemes.com/cartzilla-laravel/assets/img/home/marketplace/formats/framer.png]
[coderthemes.com/cartzilla-laravel/assets/img/home/marketplace/formats/illustrator.png]
[coderthemes.com/cartzilla-laravel/assets/img/home/marketplace/formats/webflow.png]
[coderthemes.com/cartzilla-laravel/assets/img/home/marketplace/formats/photoshop.png]
[coderthemes.com/cartzilla-laravel/assets/img/home/marketplace/products/01.jpg]
[coderthemes.com/cartzilla-laravel/assets/img/shop/marketplace/avatars/01.png]
[coderthemes.com/cartzilla-laravel/assets/img/home/marketplace/products/02.jpg]
[coderthemes.com/cartzilla-laravel/assets/img/shop/marketplace/avatars/02.png]
[coderthemes.com/cartzilla-laravel/assets/img/home/marketplace/products/03.jpg]
[coderthemes.com/cartzilla-laravel/assets/img/shop/marketplace/avatars/03.png]
[coderthemes.com/cartzilla-laravel/assets/img/shop/marketplace/12.jpg]
[coderthemes.com/cartzilla-laravel/assets/img/shop/marketplace/02.jpg]
[coderthemes.com/cartzilla-laravel/assets/img/shop/marketplace/09.jpg]
[coderthemes.com/cartzilla-laravel/assets/img/shop/marketplace/avatars/04.png]
[coderthemes.com/cartzilla-laravel/assets/img/shop/marketplace/13.jpg]
[coderthemes.com/cartzilla-laravel/assets/img/shop/marketplace/14.jpg]
[coderthemes.com/cartzilla-laravel/assets/img/shop/marketplace/03.jpg]
[coderthemes.com/cartzilla-laravel/assets/img/shop/marketplace/06.jpg]
[coderthemes.com/cartzilla-laravel/assets/img/shop/marketplace/18.jpg]
[coderthemes.com/cartzilla-laravel/assets/img/home/marketplace/collections/01.jpg]
[coderthemes.com/cartzilla-laravel/assets/img/home/marketplace/collections/02.jpg]
[coderthemes.com/cartzilla-laravel/assets/img/home/marketplace/collections/03.jpg]
[coderthemes.com/cartzilla-laravel/assets/img/home/marketplace/collections/04.jpg]
[coderthemes.com/cartzilla-laravel/assets/img/home/marketplace/collections/05.jpg]
[coderthemes.com/cartzilla-laravel/assets/img/home/marketplace/collections/06.jpg]
[coderthemes.com/cartzilla-laravel/assets/img/home/marketplace/collections/07.jpg]
[coderthemes.com/cartzilla-laravel/assets/img/home/marketplace/collections/08.jpg]
[coderthemes.com/cartzilla-laravel/assets/img/home/marketplace/collections/09.jpg]
[coderthemes.com/cartzilla-laravel/assets/img/home/marketplace/collections/10.jpg]
[coderthemes.com/cartzilla-laravel/assets/img/home/marketplace/collections/11.jpg]
[coderthemes.com/cartzilla-laravel/assets/img/home/marketplace/collections/12.jpg]
[coderthemes.com/cartzilla-laravel/home-marketplace.html]
[coderthemes.com/cartzilla-laravel/assets/img/home/single-product/hero/foreground.png]
[coderthemes.com/cartzilla-laravel/assets/img/home/single-product/hero/background.jpg]
[coderthemes.com/cartzilla-laravel/assets/img/home/single-product/01.png]
[coderthemes.com/cartzilla-laravel/assets/img/home/single-product/02.jpg]
[coderthemes.com/cartzilla-laravel/assets/img/home/single-product/03.jpg]
[coderthemes.com/cartzilla-laravel/assets/img/home/single-product/bpa-fee-light.png]
[coderthemes.com/cartzilla-laravel/assets/img/home/single-product/bpa-fee-dark.png]
[coderthemes.com/cartzilla-laravel/assets/img/home/single-product/colors/freshness.png]
[coderthemes.com/cartzilla-laravel/assets/img/home/single-product/colors/sunflower.png]
[coderthemes.com/cartzilla-laravel/assets/img/home/single-product/colors/heavenly.png]
[coderthemes.com/cartzilla-laravel/assets/img/home/single-product/colors/darkness.png]
[coderthemes.com/cartzilla-laravel/assets/img/home/single-product/reviews/ava01.jpg]
[coderthemes.com/cartzilla-laravel/assets/img/home/single-product/reviews/ava02.jpg]
[coderthemes.com/cartzilla-laravel/assets/img/home/single-product/reviews/ava03.jpg]
[coderthemes.com/cartzilla-laravel/assets/img/home/single-product/reviews/ava04.jpg]
[coderthemes.com/cartzilla-laravel/assets/img/home/single-product/reviews/ava05.jpg]
[coderthemes.com/cartzilla-laravel/assets/img/home/single-product/reviews/video.jpg]
[coderthemes.com/cartzilla-laravel/assets/img/home/single-product/socials/01.jpg]
[coderthemes.com/cartzilla-laravel/assets/img/home/single-product/socials/02.jpg]
[coderthemes.com/cartzilla-laravel/assets/img/home/single-product/socials/03.jpg]
[coderthemes.com/cartzilla-laravel/assets/img/home/single-product/socials/04.jpg]
[coderthemes.com/cartzilla-laravel/home-single-store.html]
[coderthemes.com/cartzilla-laravel/assets/img/shop/electronics/categories/01.png]
[coderthemes.com/cartzilla-laravel/assets/img/shop/electronics/categories/02.png]
[coderthemes.com/cartzilla-laravel/assets/img/shop/electronics/categories/03.png]
[coderthemes.com/cartzilla-laravel/assets/img/shop/electronics/categories/04.png]
[coderthemes.com/cartzilla-laravel/assets/img/shop/electronics/categories/05.png]
[coderthemes.com/cartzilla-laravel/assets/img/shop/electronics/categories/06.png]
[coderthemes.com/cartzilla-laravel/assets/img/shop/electronics/categories/07.png]
[coderthemes.com/cartzilla-laravel/assets/img/shop/electronics/categories/08.png]
[coderthemes.com/cartzilla-laravel/assets/img/shop/electronics/banners/iphone-1.png]
[coderthemes.com/cartzilla-laravel/assets/img/shop/electronics/banners/ipad.png]
[coderthemes.com/cartzilla-laravel/shop-categories-electronics.html]
[coderthemes.com/cartzilla-laravel/assets/img/shop/electronics/banners/iphone-2.png]
[coderthemes.com/cartzilla-laravel/assets/img/shop/electronics/13.png]
[coderthemes.com/cartzilla-laravel/assets/img/shop/electronics/banners/background.jpg]
[coderthemes.com/cartzilla-laravel/assets/img/shop/electronics/banners/laptop.png]
[coderthemes.com/cartzilla-laravel/assets/img/shop/electronics/12.png]
[coderthemes.com/cartzilla-laravel/shop-catalog-electronics.html]
[coderthemes.com/cartzilla-laravel/assets/vendor/drift-zoom/dist/drift-basic.min.css]
[coderthemes.com/cartzilla-laravel/assets/img/shop/electronics/product/gallery/01.png]
[coderthemes.com/cartzilla-laravel/assets/img/shop/electronics/product/gallery/02.png]
[coderthemes.com/cartzilla-laravel/assets/img/shop/electronics/product/gallery/03.png]
[coderthemes.com/cartzilla-laravel/assets/img/shop/electronics/product/gallery/04.png]
[coderthemes.com/cartzilla-laravel/assets/img/shop/electronics/product/gallery/05.png]
[coderthemes.com/cartzilla-laravel/assets/img/shop/electronics/product/gallery/06.png]
[coderthemes.com/cartzilla-laravel/assets/img/shop/electronics/product/gallery/07.png]
[coderthemes.com/cartzilla-laravel/assets/img/shop/electronics/product/gallery/th01.png]
[coderthemes.com/cartzilla-laravel/assets/img/shop/electronics/product/gallery/th02.png]
[coderthemes.com/cartzilla-laravel/assets/img/shop/electronics/product/gallery/th03.png]
[coderthemes.com/cartzilla-laravel/assets/img/shop/electronics/product/gallery/th04.png]
[coderthemes.com/cartzilla-laravel/assets/img/shop/electronics/product/gallery/th05.png]
[coderthemes.com/cartzilla-laravel/assets/img/shop/electronics/product/gallery/th06.png]
[coderthemes.com/cartzilla-laravel/assets/img/shop/electronics/product/gallery/th07.png]
[coderthemes.com/cartzilla-laravel/assets/img/shop/electronics/thumbs/10.png]
[coderthemes.com/cartzilla-laravel/assets/img/shop/electronics/14.png]
[coderthemes.com/cartzilla-laravel/assets/img/shop/electronics/15.png]
[coderthemes.com/cartzilla-laravel/assets/vendor/drift-zoom/dist/Drift.min.js]
[coderthemes.com/cartzilla-laravel/shop-product-general-electronics.html]
[coderthemes.com/cartzilla-laravel/shop-product-details-electronics.html]
[coderthemes.com/cartzilla-laravel/assets/img/shop/electronics/product/reviews/01.png]
[coderthemes.com/cartzilla-laravel/assets/img/shop/electronics/product/reviews/02.png]
[coderthemes.com/cartzilla-laravel/assets/img/shop/electronics/product/reviews/03.png]
[coderthemes.com/cartzilla-laravel/shop-product-reviews-electronics.html]
[coderthemes.com/cartzilla-laravel/assets/img/shop/fashion/07.png]
[coderthemes.com/cartzilla-laravel/shop-catalog-fashion.html]
[coderthemes.com/cartzilla-laravel/assets/img/shop/fashion/product/01.png]
[coderthemes.com/cartzilla-laravel/assets/img/shop/fashion/product/02.png]
[coderthemes.com/cartzilla-laravel/assets/img/shop/fashion/product/03.png]
[coderthemes.com/cartzilla-laravel/assets/img/shop/fashion/product/04.png]
[coderthemes.com/cartzilla-laravel/assets/img/shop/fashion/product/05.png]
[coderthemes.com/cartzilla-laravel/assets/img/shop/fashion/product/colors/color01.png]
[coderthemes.com/cartzilla-laravel/assets/img/shop/fashion/product/colors/color02.png]
[coderthemes.com/cartzilla-laravel/assets/img/shop/fashion/product/colors/color03.png]
[coderthemes.com/cartzilla-laravel/assets/img/shop/fashion/product/thumb.png]
[coderthemes.com/cartzilla-laravel/shop-product-fashion.html]
[coderthemes.com/cartzilla-laravel/assets/img/shop/furniture/01.png]
[coderthemes.com/cartzilla-laravel/assets/img/shop/furniture/01-hover.jpg]
[coderthemes.com/cartzilla-laravel/assets/img/shop/furniture/03.png]
[coderthemes.com/cartzilla-laravel/assets/img/shop/furniture/03-hover.jpg]
[coderthemes.com/cartzilla-laravel/assets/img/shop/furniture/09.png]
[coderthemes.com/cartzilla-laravel/assets/img/shop/furniture/09-hover.jpg]
[coderthemes.com/cartzilla-laravel/assets/img/shop/furniture/10.png]
[coderthemes.com/cartzilla-laravel/assets/img/shop/furniture/10-hover.jpg]
[coderthemes.com/cartzilla-laravel/assets/img/shop/furniture/11.png]
[coderthemes.com/cartzilla-laravel/assets/img/shop/furniture/11-hover.jpg]
[coderthemes.com/cartzilla-laravel/assets/img/shop/furniture/12.png]
[coderthemes.com/cartzilla-laravel/assets/img/shop/furniture/12-hover.jpg]
[coderthemes.com/cartzilla-laravel/assets/img/shop/furniture/13.png]
[coderthemes.com/cartzilla-laravel/assets/img/shop/furniture/13-hover.jpg]
[coderthemes.com/cartzilla-laravel/assets/img/shop/furniture/14.png]
[coderthemes.com/cartzilla-laravel/assets/img/shop/furniture/14-hover.jpg]
[coderthemes.com/cartzilla-laravel/assets/img/shop/furniture/15.png]
[coderthemes.com/cartzilla-laravel/assets/img/shop/furniture/15-hover.jpg]
[coderthemes.com/cartzilla-laravel/assets/img/shop/furniture/16.png]
[coderthemes.com/cartzilla-laravel/assets/img/shop/furniture/16-hover.jpg]
[coderthemes.com/cartzilla-laravel/shop-catalog-furniture.html]
[coderthemes.com/cartzilla-laravel/assets/img/shop/furniture/product/01.png]
[coderthemes.com/cartzilla-laravel/assets/img/shop/furniture/product/02.jpg]
[coderthemes.com/cartzilla-laravel/assets/img/shop/furniture/product/03.jpg]
[coderthemes.com/cartzilla-laravel/assets/img/shop/furniture/product/04.jpg]
[coderthemes.com/cartzilla-laravel/assets/img/shop/furniture/product/05.jpg]
[coderthemes.com/cartzilla-laravel/assets/img/shop/furniture/product/06.jpg]
[coderthemes.com/cartzilla-laravel/assets/img/shop/furniture/product/colors/color01.png]
[coderthemes.com/cartzilla-laravel/assets/img/shop/furniture/product/colors/color02.png]
[coderthemes.com/cartzilla-laravel/assets/img/shop/furniture/product/colors/color03.png]
[coderthemes.com/cartzilla-laravel/assets/img/shop/furniture/product/thumb.png]
[coderthemes.com/cartzilla-laravel/assets/img/blog/grid/v2/13.jpg]
[coderthemes.com/cartzilla-laravel/shop-product-furniture.html]
[coderthemes.com/cartzilla-laravel/assets/img/shop/marketplace/01.jpg]
[coderthemes.com/cartzilla-laravel/assets/img/shop/marketplace/04.jpg]
[coderthemes.com/cartzilla-laravel/assets/img/shop/marketplace/05.jpg]
[coderthemes.com/cartzilla-laravel/assets/img/shop/marketplace/07.jpg]
[coderthemes.com/cartzilla-laravel/assets/img/shop/marketplace/08.jpg]
[coderthemes.com/cartzilla-laravel/assets/img/shop/marketplace/10.jpg]
[coderthemes.com/cartzilla-laravel/assets/img/shop/marketplace/11.jpg]
[coderthemes.com/cartzilla-laravel/assets/img/shop/marketplace/16.jpg]
[coderthemes.com/cartzilla-laravel/assets/img/shop/marketplace/17.jpg]
[coderthemes.com/cartzilla-laravel/shop-catalog-marketplace.html]
[coderthemes.com/cartzilla-laravel/assets/img/shop/marketplace/single/avatar.png]
[coderthemes.com/cartzilla-laravel/assets/img/shop/marketplace/single/01.jpg]
[coderthemes.com/cartzilla-laravel/assets/img/shop/marketplace/single/02.jpg]
[coderthemes.com/cartzilla-laravel/assets/img/shop/marketplace/single/th02.jpg]
[coderthemes.com/cartzilla-laravel/assets/img/shop/marketplace/single/03.jpg]
[coderthemes.com/cartzilla-laravel/assets/img/shop/marketplace/single/th03.jpg]
[coderthemes.com/cartzilla-laravel/assets/img/shop/marketplace/single/04.jpg]
[coderthemes.com/cartzilla-laravel/assets/img/shop/marketplace/single/comments/01.jpg]
[coderthemes.com/cartzilla-laravel/assets/img/shop/marketplace/single/comments/02.jpg]
[coderthemes.com/cartzilla-laravel/assets/img/shop/marketplace/single/comments/03.jpg]
[coderthemes.com/cartzilla-laravel/shop-product-marketplace.html]
[coderthemes.com/cartzilla-laravel/checkout-marketplace.html]
[coderthemes.com/cartzilla-laravel/checkout-v1-cart.html]
[coderthemes.com/cartzilla-laravel/checkout-v1-delivery-1.html]
[coderthemes.com/cartzilla-laravel/checkout-v1-delivery-2.html]
[coderthemes.com/cartzilla-laravel/checkout-v1-shipping.html]
[coderthemes.com/cartzilla-laravel/checkout-v1-payment.html]
[coderthemes.com/cartzilla-laravel/checkout-v1-thankyou.html]
[coderthemes.com/cartzilla-laravel/checkout-v2-pickup.html]
[coderthemes.com/cartzilla-laravel/assets/img/shop/grocery/thankyou-bg-1.png]
[coderthemes.com/cartzilla-laravel/assets/img/shop/grocery/thankyou-bg-2.png]
[coderthemes.com/cartzilla-laravel/checkout-v2-thankyou.html]
[coderthemes.com/cartzilla-laravel/assets/img/account/cover.png]
[coderthemes.com/cartzilla-laravel/account-signin.html]
[coderthemes.com/cartzilla-laravel/account-signup.html]
[coderthemes.com/cartzilla-laravel/account-password-recovery.html]
[coderthemes.com/cartzilla-laravel/assets/img/shop/electronics/thumbs/20.png]
[coderthemes.com/cartzilla-laravel/assets/img/shop/electronics/thumbs/16.png]
[coderthemes.com/cartzilla-laravel/assets/img/shop/electronics/thumbs/15.png]
[coderthemes.com/cartzilla-laravel/assets/img/shop/electronics/thumbs/14.png]
[coderthemes.com/cartzilla-laravel/assets/img/shop/electronics/thumbs/12.png]
[coderthemes.com/cartzilla-laravel/assets/img/shop/electronics/thumbs/13.png]
[coderthemes.com/cartzilla-laravel/assets/img/shop/electronics/thumbs/18.png]
[coderthemes.com/cartzilla-laravel/assets/img/shop/electronics/thumbs/21.png]
[coderthemes.com/cartzilla-laravel/assets/img/shop/electronics/thumbs/11.png]
[coderthemes.com/cartzilla-laravel/assets/img/shop/electronics/thumbs/17.png]
[coderthemes.com/cartzilla-laravel/assets/img/shop/electronics/thumbs/19.png]
[coderthemes.com/cartzilla-laravel/assets/img/shop/electronics/thumbs/22.png]
[coderthemes.com/cartzilla-laravel/account-orders.html]
[coderthemes.com/cartzilla-laravel/account-wishlist.html]
[coderthemes.com/cartzilla-laravel/account-payment.html]
[coderthemes.com/cartzilla-laravel/account-reviews.html]
[coderthemes.com/cartzilla-laravel/assets/vendor/flatpickr/dist/flatpickr.min.css]
[coderthemes.com/cartzilla-laravel/account-info.html]
[coderthemes.com/cartzilla-laravel/assets/vendor/flatpickr/dist/flatpickr.min.js]
[coderthemes.com/cartzilla-laravel/account-addresses.html]
[coderthemes.com/cartzilla-laravel/account-notifications.html]
[coderthemes.com/cartzilla-laravel/assets/img/account/avatar-sm.png]
[coderthemes.com/cartzilla-laravel/assets/img/account/avatar.png]
[coderthemes.com/cartzilla-laravel/assets/img/account/products/03.jpg]
[coderthemes.com/cartzilla-laravel/assets/img/account/products/04.jpg]
[coderthemes.com/cartzilla-laravel/assets/img/account/products/05.jpg]
[coderthemes.com/cartzilla-laravel/assets/img/account/products/07.jpg]
[coderthemes.com/cartzilla-laravel/assets/img/account/products/08.jpg]
[coderthemes.com/cartzilla-laravel/account-marketplace-dashboard.html]
[coderthemes.com/cartzilla-laravel/assets/img/account/products/09.jpg]
[coderthemes.com/cartzilla-laravel/assets/vendor/chart.js/dist/chart.umd.js]
[coderthemes.com/cartzilla-laravel/assets/img/account/products/10.jpg]
[coderthemes.com/cartzilla-laravel/assets/img/account/products/11.jpg]
[coderthemes.com/cartzilla-laravel/assets/img/account/products/12.jpg]
[coderthemes.com/cartzilla-laravel/account-marketplace-products.html]
[coderthemes.com/cartzilla-laravel/assets/img/account/products/01.jpg]
[coderthemes.com/cartzilla-laravel/assets/img/account/products/02.jpg]
[coderthemes.com/cartzilla-laravel/assets/img/account/products/06.jpg]
[coderthemes.com/cartzilla-laravel/account-marketplace-sales.html]
[coderthemes.com/cartzilla-laravel/account-marketplace-payouts.html]
[coderthemes.com/cartzilla-laravel/assets/img/account/products/13.jpg]
[coderthemes.com/cartzilla-laravel/assets/img/account/products/14.jpg]
[coderthemes.com/cartzilla-laravel/assets/img/account/products/15.jpg]
[coderthemes.com/cartzilla-laravel/assets/img/account/products/16.jpg]
[coderthemes.com/cartzilla-laravel/assets/img/account/products/17.jpg]
[coderthemes.com/cartzilla-laravel/assets/img/account/products/18.jpg]
[coderthemes.com/cartzilla-laravel/account-marketplace-purchases.html]
[coderthemes.com/cartzilla-laravel/account-marketplace-favorites.html]
[coderthemes.com/cartzilla-laravel/assets/img/account/avatar-lg.png]
[coderthemes.com/cartzilla-laravel/account-marketplace-settings.html]
[coderthemes.com/cartzilla-laravel/assets/img/about/v1/hero.jpg]
[coderthemes.com/cartzilla-laravel/assets/img/about/v1/avatar.jpg]
[coderthemes.com/cartzilla-laravel/assets/img/about/v1/delivery.jpg]
[coderthemes.com/cartzilla-laravel/assets/img/about/v1/video-cover.jpg]
[coderthemes.com/cartzilla-laravel/about-v1.html]
[coderthemes.com/cartzilla-laravel/assets/img/about/v2/hero.jpg]
[coderthemes.com/cartzilla-laravel/assets/img/blog/grid/v2/02.jpg]
[coderthemes.com/cartzilla-laravel/assets/img/about/v2/feature01.jpg]
[coderthemes.com/cartzilla-laravel/assets/img/about/v2/feature02.jpg]
[coderthemes.com/cartzilla-laravel/assets/img/about/v2/feature03.jpg]
[coderthemes.com/cartzilla-laravel/assets/img/blog/grid/v2/video01.jpg]
[coderthemes.com/cartzilla-laravel/assets/img/blog/grid/v2/15.jpg]
[coderthemes.com/cartzilla-laravel/about-v2.html]
[coderthemes.com/cartzilla-laravel/assets/img/blog/grid/v1/01.jpg]
[coderthemes.com/cartzilla-laravel/assets/img/blog/grid/v1/02.jpg]
[coderthemes.com/cartzilla-laravel/assets/img/blog/grid/v1/03.jpg]
[coderthemes.com/cartzilla-laravel/assets/img/blog/grid/v1/04.jpg]
[coderthemes.com/cartzilla-laravel/assets/img/blog/grid/v1/05.jpg]
[coderthemes.com/cartzilla-laravel/assets/img/blog/grid/v1/06.jpg]
[coderthemes.com/cartzilla-laravel/assets/img/blog/grid/v1/07.jpg]
[coderthemes.com/cartzilla-laravel/assets/img/blog/grid/v1/08.jpg]
[coderthemes.com/cartzilla-laravel/assets/img/blog/grid/v1/09.jpg]
[coderthemes.com/cartzilla-laravel/assets/img/blog/grid/v1/10.jpg]
[coderthemes.com/cartzilla-laravel/assets/img/blog/grid/v1/slider01.jpg]
[coderthemes.com/cartzilla-laravel/assets/img/blog/grid/v1/slider02.jpg]
[coderthemes.com/cartzilla-laravel/assets/img/blog/grid/v1/11.jpg]
[coderthemes.com/cartzilla-laravel/assets/img/blog/grid/v1/12.jpg]
[coderthemes.com/cartzilla-laravel/assets/img/blog/grid/v1/13.jpg]
[coderthemes.com/cartzilla-laravel/assets/img/blog/grid/v1/14.jpg]
[coderthemes.com/cartzilla-laravel/assets/img/blog/grid/v1/th01.jpg]
[coderthemes.com/cartzilla-laravel/assets/img/blog/grid/v1/th02.jpg]
[coderthemes.com/cartzilla-laravel/assets/img/blog/grid/v1/th03.jpg]
[coderthemes.com/cartzilla-laravel/assets/img/blog/grid/v1/video01.jpg]
[coderthemes.com/cartzilla-laravel/assets/img/blog/grid/v1/video04.jpg]
[coderthemes.com/cartzilla-laravel/assets/img/blog/grid/v1/video02.jpg]
[coderthemes.com/cartzilla-laravel/assets/img/blog/grid/v1/video03.jpg]
[coderthemes.com/cartzilla-laravel/blog-grid-v1.html]
[coderthemes.com/cartzilla-laravel/assets/img/blog/grid/v2/03.jpg]
[coderthemes.com/cartzilla-laravel/assets/img/blog/grid/v2/04.jpg]
[coderthemes.com/cartzilla-laravel/assets/img/blog/grid/v2/09.jpg]
[coderthemes.com/cartzilla-laravel/assets/img/blog/grid/v2/12.jpg]
[coderthemes.com/cartzilla-laravel/assets/img/blog/grid/v2/14.jpg]
[coderthemes.com/cartzilla-laravel/assets/img/blog/grid/v2/video02.jpg]
[coderthemes.com/cartzilla-laravel/assets/img/blog/grid/v2/05.jpg]
[coderthemes.com/cartzilla-laravel/assets/img/blog/grid/v2/06.jpg]
[coderthemes.com/cartzilla-laravel/assets/img/blog/grid/v2/07.jpg]
[coderthemes.com/cartzilla-laravel/assets/img/blog/grid/v2/08.jpg]
[coderthemes.com/cartzilla-laravel/blog-grid-v2.html]
[coderthemes.com/cartzilla-laravel/assets/img/blog/list/01.jpg]
[coderthemes.com/cartzilla-laravel/assets/img/blog/list/02.jpg]
[coderthemes.com/cartzilla-laravel/assets/img/blog/list/03.jpg]
[coderthemes.com/cartzilla-laravel/assets/img/blog/list/04.jpg]
[coderthemes.com/cartzilla-laravel/assets/img/blog/list/05.jpg]
[coderthemes.com/cartzilla-laravel/assets/img/blog/list/06.jpg]
[coderthemes.com/cartzilla-laravel/assets/img/blog/list/07.jpg]
[coderthemes.com/cartzilla-laravel/assets/img/blog/list/08.jpg]
[coderthemes.com/cartzilla-laravel/assets/img/blog/list/09.jpg]
[coderthemes.com/cartzilla-laravel/assets/img/blog/list/10.jpg]
[coderthemes.com/cartzilla-laravel/assets/img/blog/list/11.jpg]
[coderthemes.com/cartzilla-laravel/assets/img/blog/list/12.jpg]
[coderthemes.com/cartzilla-laravel/blog-list.html]
[coderthemes.com/cartzilla-laravel/assets/img/blog/post/main.jpg]
[coderthemes.com/cartzilla-laravel/assets/img/blog/post/slide01.jpg]
[coderthemes.com/cartzilla-laravel/assets/img/blog/post/slide02.jpg]
[coderthemes.com/cartzilla-laravel/assets/img/blog/post/slide03.jpg]
[coderthemes.com/cartzilla-laravel/blog-single-v1.html]
[coderthemes.com/cartzilla-laravel/assets/img/blog/post/nav01.jpg]
[coderthemes.com/cartzilla-laravel/assets/img/blog/post/nav02.jpg]
[coderthemes.com/cartzilla-laravel/blog-single-v2.html]
[coderthemes.com/cartzilla-laravel/assets/img/contact/title-bg.png]
[coderthemes.com/cartzilla-laravel/assets/img/contact/map.jpg]
[coderthemes.com/cartzilla-laravel/contact-v1.html]
[coderthemes.com/cartzilla-laravel/contact-v2.html]
[coderthemes.com/cartzilla-laravel/assets/img/contact/form-image.jpg]
[coderthemes.com/cartzilla-laravel/contact-v3.html]
[coderthemes.com/cartzilla-laravel/assets/img/help/article01.jpg]
[coderthemes.com/cartzilla-laravel/assets/img/help/article02.jpg]
[coderthemes.com/cartzilla-laravel/assets/img/help/article03.jpg]
[coderthemes.com/cartzilla-laravel/assets/img/help/article04.jpg]
[coderthemes.com/cartzilla-laravel/help-topics-v1.html]
[coderthemes.com/cartzilla-laravel/assets/img/help/hero-light.png]
[coderthemes.com/cartzilla-laravel/assets/img/help/hero-dark.png]
[coderthemes.com/cartzilla-laravel/help-topics-v2.html]
[coderthemes.com/cartzilla-laravel/assets/img/help/single.jpg]
[coderthemes.com/cartzilla-laravel/help-single-article-v1.html]
[coderthemes.com/cartzilla-laravel/help-single-article-v2.html]
[coderthemes.com/cartzilla-laravel/404-electronics.html]
[coderthemes.com/cartzilla-laravel/404-fashion.html]
[coderthemes.com/cartzilla-laravel/assets/img/404/furniture.png]
[coderthemes.com/cartzilla-laravel/404-furniture.html]
[coderthemes.com/cartzilla-laravel/assets/img/404/grocery.png]
[coderthemes.com/cartzilla-laravel/assets/img/404/grocery-bg-1.png]
[coderthemes.com/cartzilla-laravel/assets/img/404/grocery-bg-2.png]
[coderthemes.com/cartzilla-laravel/404-grocery.html]
[coderthemes.com/cartzilla-laravel/terms-and-conditions.html]
[cdnjs.cloudflare.com/ajax/libs/highlight.js/11.10.0/styles/atom-one-dark.min.css]
[coderthemes.com/cartzilla-laravel/docs/icons.html]
[coderthemes.com/cartzilla-laravel/docs/code.html]
[coderthemes.com/cartzilla-laravel/docs/images.html]
[coderthemes.com/cartzilla-laravel/docs/tables.html]
[coderthemes.com/cartzilla-laravel/docs/accordion.html]
[coderthemes.com/cartzilla-laravel/docs/alerts.html]
[coderthemes.com/cartzilla-laravel/docs/badges.html]
[coderthemes.com/cartzilla-laravel/docs/blog-components.html]
[coderthemes.com/cartzilla-laravel/docs/breadcrumb.html]
[coderthemes.com/cartzilla-laravel/docs/buttons.html]
[coderthemes.com/cartzilla-laravel/docs/button-group.html]
[coderthemes.com/cartzilla-laravel/docs/card.html]
[coderthemes.com/cartzilla-laravel/docs/carousel.html]
[coderthemes.com/cartzilla-laravel/docs/charts.html]
[coderthemes.com/cartzilla-laravel/docs/collapse.html]
[coderthemes.com/cartzilla-laravel/docs/countdown.html]
[coderthemes.com/cartzilla-laravel/docs/date-picker.html]
[coderthemes.com/cartzilla-laravel/docs/dropdowns.html]
[coderthemes.com/cartzilla-laravel/docs/forms.html]
[coderthemes.com/cartzilla-laravel/docs/hotspots.html]
[coderthemes.com/cartzilla-laravel/docs/image-comparison-slider.html]
[coderthemes.com/cartzilla-laravel/docs/image-zoom.html]
[coderthemes.com/cartzilla-laravel/docs/input-group.html]
[coderthemes.com/cartzilla-laravel/docs/input-formatter.html]
[coderthemes.com/cartzilla-laravel/docs/lightbox.html]
[coderthemes.com/cartzilla-laravel/docs/list-group.html]
[coderthemes.com/cartzilla-laravel/docs/modal.html]
[coderthemes.com/cartzilla-laravel/docs/nav-links.html]
[coderthemes.com/cartzilla-laravel/docs/navbar.html]
[coderthemes.com/cartzilla-laravel/docs/offcanvas.html]
[coderthemes.com/cartzilla-laravel/docs/pagination.html]
[coderthemes.com/cartzilla-laravel/docs/pills.html]
[coderthemes.com/cartzilla-laravel/docs/placeholders.html]
[coderthemes.com/cartzilla-laravel/docs/popovers.html]
[coderthemes.com/cartzilla-laravel/docs/product-cards.html]
[coderthemes.com/cartzilla-laravel/docs/progress.html]
[coderthemes.com/cartzilla-laravel/docs/reviews.html]
[coderthemes.com/cartzilla-laravel/docs/scrollbar.html]
[coderthemes.com/cartzilla-laravel/docs/scrollspy.html]
[coderthemes.com/cartzilla-laravel/docs/select-box.html]
[coderthemes.com/cartzilla-laravel/docs/shop-categories.html]
[coderthemes.com/cartzilla-laravel/docs/shop-filters.html]
[coderthemes.com/cartzilla-laravel/docs/spinners.html]
[coderthemes.com/cartzilla-laravel/docs/tabs.html]
[coderthemes.com/cartzilla-laravel/docs/toasts.html]
[coderthemes.com/cartzilla-laravel/docs/tooltips.html]
[coderthemes.com/cartzilla-laravel/docs/utilities.html]
[coderthemes.com/cartzilla-laravel/docs/typography.html]
[cdnjs.cloudflare.com/ajax/libs/highlight.js/11.10.0/highlight.min.js]
[coderthemes.com/cartzilla-laravel/assets/vendor/img-comparison-slider/dist/styles.css]
[coderthemes.com/cartzilla-laravel/assets/img/intro/demos/furniture-light.png]
[coderthemes.com/cartzilla-laravel/assets/img/intro/demos/furniture-dark.png]
[coderthemes.com/cartzilla-laravel/assets/img/intro/demos/grocery-light.png]
[coderthemes.com/cartzilla-laravel/assets/img/intro/demos/grocery-dark.png]
[coderthemes.com/cartzilla-laravel/assets/img/intro/demos/fashion-1-light.png]
[coderthemes.com/cartzilla-laravel/assets/img/intro/demos/fashion-1-dark.png]
[coderthemes.com/cartzilla-laravel/assets/img/intro/demos/fashion-2-light.png]
[coderthemes.com/cartzilla-laravel/assets/img/intro/demos/fashion-2-dark.png]
[coderthemes.com/cartzilla-laravel/assets/img/intro/demos/electronics-light.png]
[coderthemes.com/cartzilla-laravel/assets/img/intro/demos/electronics-dark.png]
[coderthemes.com/cartzilla-laravel/assets/img/intro/demos/single-store-light.png]
[coderthemes.com/cartzilla-laravel/assets/img/intro/demos/single-store-dark.png]
[coderthemes.com/cartzilla-laravel/assets/img/intro/demos/marketplace-light.png]
[coderthemes.com/cartzilla-laravel/assets/img/intro/demos/marketplace-dark.png]
[coderthemes.com/cartzilla-laravel/assets/img/intro/pages-light.jpg]
[coderthemes.com/cartzilla-laravel/assets/img/intro/pages-dark.png]
[coderthemes.com/cartzilla-laravel/assets/img/intro/dark-mode.jpg]
[coderthemes.com/cartzilla-laravel/assets/img/intro/light-mode.jpg]
[coderthemes.com/cartzilla-laravel/assets/img/intro/features/bootstrap.png]
[coderthemes.com/cartzilla-laravel/assets/img/intro/features/sass.png]
[coderthemes.com/cartzilla-laravel/assets/img/intro/features/npm.png]
[coderthemes.com/cartzilla-laravel/assets/img/intro/features/js.png]
[coderthemes.com/cartzilla-laravel/assets/img/intro/features/html5.png]
[coderthemes.com/cartzilla-laravel/assets/img/intro/features/touch.png]
[coderthemes.com/cartzilla-laravel/assets/img/intro/features/google-fonts.png]
[coderthemes.com/cartzilla-laravel/assets/img/intro/features/vector.png]
[coderthemes.com/cartzilla-laravel/assets/img/intro/mobile-light.png]
[coderthemes.com/cartzilla-laravel/assets/img/intro/mobile-dark.png]
[coderthemes.com/cartzilla-laravel/assets/img/intro/qr-light.png]
[coderthemes.com/cartzilla-laravel/assets/img/intro/qr-dark.png]
[coderthemes.com/cartzilla-laravel/assets/img/intro/customizer/colors-light.jpg]
[coderthemes.com/cartzilla-laravel/assets/img/intro/customizer/colors-dark.png]
[coderthemes.com/cartzilla-laravel/assets/img/intro/customizer/typography-light.jpg]
[coderthemes.com/cartzilla-laravel/assets/img/intro/customizer/typography-dark.png]
[coderthemes.com/cartzilla-laravel/assets/img/intro/customizer/borders-light.jpg]
[coderthemes.com/cartzilla-laravel/assets/img/intro/customizer/borders-dark.png]
[coderthemes.com/cartzilla-laravel/assets/vendor/img-comparison-slider/dist/index.js]
[coderthemes.com/cartzilla-laravel/index.html]
[coderthemes.com/cartzilla-laravel/assets/vendor/glightbox/dist/css/glightbox.min.css]
[coderthemes.com/cartzilla-laravel/assets/img/payment-methods/amex.svg]
[coderthemes.com/cartzilla-laravel/assets/img/payment-methods/visa-light-mode.svg]
[coderthemes.com/cartzilla-laravel/assets/img/payment-methods/visa-dark-mode.svg]
[coderthemes.com/cartzilla-laravel/assets/img/payment-methods/mastercard.svg]
[coderthemes.com/cartzilla-laravel/assets/img/payment-methods/maestro.svg]
[coderthemes.com/cartzilla-laravel/assets/img/payment-methods/paypal-icon.svg]
[coderthemes.com/cartzilla-laravel/assets/img/payment-methods/google-icon.svg]
[coderthemes.com/cartzilla-laravel/assets/vendor/nouislider/dist/nouislider.min.css]
[coderthemes.com/cartzilla-laravel/assets/img/shop/electronics/brands/apple-light-mode.svg]
[coderthemes.com/cartzilla-laravel/assets/img/shop/electronics/brands/apple-dark-mode.svg]
[coderthemes.com/cartzilla-laravel/assets/img/shop/electronics/brands/motorola-light-mode.svg]
[coderthemes.com/cartzilla-laravel/assets/img/shop/electronics/brands/motorola-dark-mode.svg]
[coderthemes.com/cartzilla-laravel/assets/img/shop/electronics/brands/canon-light-mode.svg]
[coderthemes.com/cartzilla-laravel/assets/img/shop/electronics/brands/canon-dark-mode.svg]
[coderthemes.com/cartzilla-laravel/assets/img/shop/electronics/brands/samsung-light-mode.svg]
[coderthemes.com/cartzilla-laravel/assets/img/shop/electronics/brands/samsung-dark-mode.svg]
[coderthemes.com/cartzilla-laravel/assets/img/shop/electronics/brands/sony-light-mode.svg]
[coderthemes.com/cartzilla-laravel/assets/img/shop/electronics/brands/sony-dark-mode.svg]
[coderthemes.com/cartzilla-laravel/assets/img/payment-methods/paypal-dark-mode.svg]
[coderthemes.com/cartzilla-laravel/assets/img/payment-methods/google-pay-dark-mode.svg]
[coderthemes.com/cartzilla-laravel/assets/img/payment-methods/apple-pay-dark-mode.svg]
[coderthemes.com/cartzilla-laravel/assets/img/payment-methods/paypal-light-mode.svg]
[coderthemes.com/cartzilla-laravel/assets/img/payment-methods/google-pay-light-mode.svg]
[coderthemes.com/cartzilla-laravel/assets/img/payment-methods/apple-pay-light-mode.svg]
[coderthemes.com/cartzilla-laravel/assets/img/home/fashion/v2/brands/zara-light.svg]
[coderthemes.com/cartzilla-laravel/assets/img/home/fashion/v2/brands/zara-dark.svg]
[coderthemes.com/cartzilla-laravel/assets/img/home/fashion/v2/brands/brooks-light.svg]
[coderthemes.com/cartzilla-laravel/assets/img/home/fashion/v2/brands/brooks-dark.svg]
[coderthemes.com/cartzilla-laravel/assets/img/home/fashion/v2/brands/fila-light.svg]
[coderthemes.com/cartzilla-laravel/assets/img/home/fashion/v2/brands/fila-dark.svg]
[coderthemes.com/cartzilla-laravel/assets/img/home/fashion/v2/brands/adidas-light.svg]
[coderthemes.com/cartzilla-laravel/assets/img/home/fashion/v2/brands/adidas-dark.svg]
[coderthemes.com/cartzilla-laravel/assets/img/home/fashion/v2/brands/hermes-light.svg]
[coderthemes.com/cartzilla-laravel/assets/img/home/fashion/v2/brands/hermes-dark.svg]
[coderthemes.com/cartzilla-laravel/assets/img/home/fashion/v2/brands/dior-light.svg]
[coderthemes.com/cartzilla-laravel/assets/img/home/fashion/v2/brands/dior-dark.svg]
[coderthemes.com/cartzilla-laravel/assets/img/home/fashion/v2/brands/newbalance-light.svg]
[coderthemes.com/cartzilla-laravel/assets/img/home/fashion/v2/brands/newbalance-dark.svg]
[coderthemes.com/cartzilla-laravel/assets/img/home/fashion/v2/brands/puma-light.svg]
[coderthemes.com/cartzilla-laravel/assets/img/home/fashion/v2/brands/puma-dark.svg]
[coderthemes.com/cartzilla-laravel/assets/img/home/fashion/v2/brands/hm-light.svg]
[coderthemes.com/cartzilla-laravel/assets/img/home/fashion/v2/brands/hm-dark.svg]
[coderthemes.com/cartzilla-laravel/assets/img/shop/electronics/brands/xiaomi-light-mode.svg]
[coderthemes.com/cartzilla-laravel/assets/img/shop/electronics/brands/xiaomi-dark-mode.svg]
[coderthemes.com/cartzilla-laravel/assets/vendor/drift-zoom/dist/drift-basic.min.css]
[coderthemes.com/cartzilla-laravel/assets/vendor/flatpickr/dist/flatpickr.min.css]
[coderthemes.com/cartzilla-laravel/-3.html]
[coderthemes.com/cartzilla-laravel/-4.html]
[coderthemes.com/cartzilla-laravel/-5.html]
[coderthemes.com/cartzilla-laravel/-6.html]
[coderthemes.com/cartzilla-laravel/-7.html]
[cdnjs.cloudflare.com/ajax/libs/highlight.js/11.10.0/styles/atom-one-dark.min.css]
[coderthemes.com/cartzilla-laravel/docs/icons.html]
[coderthemes.com/cartzilla-laravel/docs/code.html]
[coderthemes.com/cartzilla-laravel/docs/images.html]
[coderthemes.com/cartzilla-laravel/docs/tables.html]
[coderthemes.com/cartzilla-laravel/docs/accordion.html]
[coderthemes.com/cartzilla-laravel/docs/alerts.html]
[coderthemes.com/cartzilla-laravel/docs/badges.html]
[coderthemes.com/cartzilla-laravel/docs/blog-components.html]
[coderthemes.com/cartzilla-laravel/docs/breadcrumb.html]
[coderthemes.com/cartzilla-laravel/docs/buttons.html]
[coderthemes.com/cartzilla-laravel/docs/button-group.html]
[coderthemes.com/cartzilla-laravel/assets/img/docs/card/img.png]
[coderthemes.com/cartzilla-laravel/assets/img/docs/card/img-hover.jpg]
[coderthemes.com/cartzilla-laravel/docs/card.html]
[coderthemes.com/cartzilla-laravel/docs/carousel.html]
[coderthemes.com/cartzilla-laravel/docs/charts.html]
[coderthemes.com/cartzilla-laravel/docs/collapse.html]
[coderthemes.com/cartzilla-laravel/docs/countdown.html]
[coderthemes.com/cartzilla-laravel/assets/vendor/flatpickr/dist/plugins/rangePlugin.js]
[coderthemes.com/cartzilla-laravel/docs/date-picker.html]
[coderthemes.com/cartzilla-laravel/docs/dropdowns.html]
[coderthemes.com/cartzilla-laravel/docs/forms.html]
[coderthemes.com/cartzilla-laravel/docs/hotspots.html]
[coderthemes.com/cartzilla-laravel/assets/img/docs/image-comparison-slider/before.jpg]
[coderthemes.com/cartzilla-laravel/assets/img/docs/image-comparison-slider/after.jpg]
[coderthemes.com/cartzilla-laravel/docs/image-comparison-slider.html]
[coderthemes.com/cartzilla-laravel/docs/image-zoom.html]
[coderthemes.com/cartzilla-laravel/docs/input-group.html]
[coderthemes.com/cartzilla-laravel/docs/input-formatter.html]
[coderthemes.com/cartzilla-laravel/docs/lightbox.html]
[coderthemes.com/cartzilla-laravel/docs/list-group.html]
[coderthemes.com/cartzilla-laravel/docs/modal.html]
[coderthemes.com/cartzilla-laravel/docs/nav-links.html]
[coderthemes.com/cartzilla-laravel/docs/navbar-offcanvas.html]
[coderthemes.com/cartzilla-laravel/docs/navbar.html]
[coderthemes.com/cartzilla-laravel/docs/offcanvas.html]
[coderthemes.com/cartzilla-laravel/docs/pagination.html]
[coderthemes.com/cartzilla-laravel/docs/pills.html]
[coderthemes.com/cartzilla-laravel/docs/placeholders.html]
[coderthemes.com/cartzilla-laravel/docs/popovers.html]
[coderthemes.com/cartzilla-laravel/docs/product-cards.html]
[coderthemes.com/cartzilla-laravel/docs/progress.html]
[coderthemes.com/cartzilla-laravel/docs/reviews.html]
[coderthemes.com/cartzilla-laravel/docs/scrollbar.html]
[coderthemes.com/cartzilla-laravel/docs/scrollspy.html]
[coderthemes.com/cartzilla-laravel/docs/select-box.html]
[coderthemes.com/cartzilla-laravel/docs/shop-categories.html]
[coderthemes.com/cartzilla-laravel/docs/shop-filters.html]
[coderthemes.com/cartzilla-laravel/docs/spinners.html]
[coderthemes.com/cartzilla-laravel/docs/tabs.html]
[coderthemes.com/cartzilla-laravel/docs/toasts.html]
[coderthemes.com/cartzilla-laravel/docs/tooltips.html]
[coderthemes.com/cartzilla-laravel/docs/utilities.html]
[coderthemes.com/cartzilla-laravel/assets/vendor/img-comparison-slider/dist/styles.css]
[coderthemes.com/cartzilla-laravel/docs/navbar-offcanvas.html]
